>ORSgRGRR00000017 gi|24635266|nt117544-117914 45S rDNA-like
CATTCTTGCGAACGTACTCCCCAGGCGGGATACTTAACGCGTTAGCTACAGCACTGCACG
GGTCGAGTCGCACAGCACCTAGTATCCATCGTTTACGGCTAGGACTACTGGGGTCTCTAA
TCCCATTTGCTCTCCTAGCTTTCGTCTCTCAGTGTCAATGTCGGCCCAGCAGAGTGCTTT
CGCCGTTGGTGTTCTTTCCGATCTCAATGCATTTCACCGCTCCACCGGAAATTCCCTCTG
CCCCTACCGTACTCCAGCTTGGTAGTTTCCACCGCCTGTCCAGGGTTGAGCCCTGGGATT
TGACGGCGGACTTGAAAAGCCACCTACAGACGCTTTACGCCCAATCATTCCGGATAATGC
TTGCATCCTCT

>ORSgRGRR00500004 gi|16554287|nt126709-127305 5S rRNA gene-like
ATAAGTAGTAAGCCCACCCCAAGATGAGTGCTCTCTCCTCCGACTTCCCTAGAGCCTCCG
GTAGCACAGCCGAGACAGCGACGGGTTCTCCACCCATACGGGGATGGAGCGACAGAAGCA
TGGAAATAGGATAAGGTAGCGGCGAGACGAGCCGTTTAAATAGGTGTCAAGTGGAAGTGC
AGTGATGTATGCAGCTGAGGCATCCTAACGAACGAACGATTTGAACCTTGTTCCTACACG
ACCTGATCAAATCGATCAGGCACTTGCCATCTATCTTCATTGTTCAACTCTTTGATGAAA
AGATGAAAAAACCAAAAAAAAGCTCTGCCCTTCCATCTCTTGGATAGATAGAGAGGGAGG
GCAGAGGCCTTTGGTGTCCCTTCCAGTCAAGAATTGGGGCTTCACAATTACTAGCCAATA
TTTCTCTCATGCCTTTCCTCGTTCATGGTTCGATATTCTGGTGTCCTAGGCGTAGAGGAA
CCACACCAATCCATCCTGAATTTGGTGGTTAAACTCTACTGCGGTGACGATACTGTAGGG
GAGGTCCTACGGCAAAATAGCTCGATGCCAGAATGATAAAAAGCTTAACACCTCTTA